
f2mcamp.int     ; F2mod settlement map                          # local_vars=0
f2mcrvn.int     ; F2mod caravan encounter map                   # local_vars=0
f2mcmst.int     ; F2mod caravan master Ted Burns                # local_vars=0
f2mcgrd.int     ; F2mod caravan guard                           # local_vars=0
f2mesct.int     ; F2mod caravan escort road map                 # local_vars=0
f2mcciv.int     ; F2mod caravan settler (civilian)               # local_vars=1
f2mcbrm.int     ; F2mod caravan brahmin (flees in combat)          # local_vars=0
f2mcfrm.int     ; F2mod camp foreman Hank                        # local_vars=1
f2mwell.int     ; F2mod camp wells (old, fixed, new)             # local_vars=0
f2mtown.int     ; F2mod test: town building sandbox map            # local_vars=0
f2mtbld.int     ; F2mod test: sandbox builder                       # local_vars=0
f2mtur.int      ; F2mod test: sandbox turret                        # local_vars=0
f2mcmil.int     ; F2mod camp militia at the gate                   # local_vars=0
f2mboss.int     ; F2mod raider boss Kane at the gate               # local_vars=0
f2mrdr.int      ; F2mod Kane's raider at the gate                  # local_vars=0
f2mradio.int    ; F2mod radio operator Sam Morton               # local_vars=1
f2mlair.int    ; F2mod raiders quarry / military base map         # local_vars=0
f2mlrdr.int    ; F2mod quarry raider                              # local_vars=2
f2mkane.int    ; F2mod Kane in the quarry                         # local_vars=0
f2mlobj.int    ; F2mod quarry water barrel and cellar             # local_vars=0
f2mgarr.int    ; F2mod military base garrison soldier             # local_vars=1
f2mcell.int    ; F2mod raiders cellar map                        # local_vars=0
